  Determining projects to restore...
  Restored /home/runner/work/Qwiq/Qwiq/test/Qwiq.Tests.Common/Qwiq.Tests.Common.csproj (in 298 ms).
  Restored /home/runner/work/Qwiq/Qwiq/test/Qwiq.Package.Tests/Qwiq.Package.Tests.csproj (in 298 ms).
  Restored /home/runner/work/Qwiq/Qwiq/test/Qwiq.Mocks/Qwiq.Mocks.csproj (in 366 ms).
  Restored /home/runner/work/Qwiq/Qwiq/src/Qwiq.Identity/Qwiq.Identity.csproj (in 33 ms).
  Restored /home/runner/work/Qwiq/Qwiq/test/Qwiq.Mapper.Tests/Qwiq.Mapper.UnitTests.csproj (in 378 ms).
  Restored /home/runner/work/Qwiq/Qwiq/src/Qwiq.Identity.Soap/Qwiq.Identity.Soap.csproj (in 27 ms).
  Restored /home/runner/work/Qwiq/Qwiq/src/Qwiq.Core.Soap/Qwiq.Client.Soap.csproj (in 10 ms).
  Restored /home/runner/work/Qwiq/Qwiq/test/Qwiq.Mapper.Benchmark.Tests/Qwiq.Mapper.BenchmarkTests.csproj (in 118 ms).
  Restored /home/runner/work/Qwiq/Qwiq/src/Qwiq.Core.Rest/Qwiq.Client.Rest.csproj (in 52 ms).
  Restored /home/runner/work/Qwiq/Qwiq/src/Qwiq.Core/Qwiq.Core.csproj (in 82 ms).
  Restored /home/runner/work/Qwiq/Qwiq/test/Qwiq.Benchmark/Qwiq.Benchmark.csproj (in 52 ms).
  Restored /home/runner/work/Qwiq/Qwiq/src/Qwiq.Linq/Qwiq.Linq.csproj (in 35 ms).
  Restored /home/runner/work/Qwiq/Qwiq/src/Qwiq.Mapper.Identity/Qwiq.Mapper.Identity.csproj (in 36 ms).
  Restored /home/runner/work/Qwiq/Qwiq/src/Qwiq.Mapper/Qwiq.Mapper.csproj (in 38 ms).
  Restored /home/runner/work/Qwiq/Qwiq/src/Qwiq.Linq.Identity/Qwiq.Linq.Identity.csproj (in 41 ms).
  Restored /home/runner/work/Qwiq/Qwiq/test/Qwiq.Integration.Tests/Qwiq.IntegrationTests.csproj (in 38 ms).
  Restored /home/runner/work/Qwiq/Qwiq/test/Qwiq.Linq.Tests/Qwiq.Linq.UnitTests.csproj (in 52 ms).
  Restored /home/runner/work/Qwiq/Qwiq/test/Qwiq.Identity.Tests/Qwiq.Identity.UnitTests.csproj (in 87 ms).
  Restored /home/runner/work/Qwiq/Qwiq/test/Qwiq.Identity.Benchmark.Tests/Qwiq.Identity.BenchmarkTests.csproj (in 59 ms).
  Restored /home/runner/work/Qwiq/Qwiq/test/Qwiq.Core.Tests/Qwiq.Core.UnitTests.csproj (in 36 ms).
/home/runner/.nuget/packages/nerdbank.gitversioning/3.6.143/build/Nerdbank.GitVersioning.Inner.targets(17,5): error MSB4018: The "Nerdbank.GitVersioning.Tasks.GetBuildVersion" task failed unexpectedly. [/home/runner/.nuget/packages/nerdbank.gitversioning/3.6.143/build/PrivateP2PCaching.proj]
/home/runner/.nuget/packages/nerdbank.gitversioning/3.6.143/build/Nerdbank.GitVersioning.Inner.targets(17,5): error MSB4018: Nerdbank.GitVersioning.GitException: Shallow clone lacks the objects required to calculate version height. Use full clones or clones with a history at least as deep as the last version height resetting change. [/home/runner/.nuget/packages/nerdbank.gitversioning/3.6.143/build/PrivateP2PCaching.proj]
/home/runner/.nuget/packages/nerdbank.gitversioning/3.6.143/build/Nerdbank.GitVersioning.Inner.targets(17,5): error MSB4018:  ---> Nerdbank.GitVersioning.GitException: An commit object with SHA a6b4dc1c684a982250da5b1c5059a6540fa9809b could not be found. [/home/runner/.nuget/packages/nerdbank.gitversioning/3.6.143/build/PrivateP2PCaching.proj]
/home/runner/.nuget/packages/nerdbank.gitversioning/3.6.143/build/Nerdbank.GitVersioning.Inner.targets(17,5): error MSB4018:    at Nerdbank.GitVersioning.ManagedGit.GitRepository.GetObjectBySha(GitObjectId sha, String objectType) [/home/runner/.nuget/packages/nerdbank.gitversioning/3.6.143/build/PrivateP2PCaching.proj]
/home/runner/.nuget/packages/nerdbank.gitversioning/3.6.143/build/Nerdbank.GitVersioning.Inner.targets(17,5): error MSB4018:    at Nerdbank.GitVersioning.ManagedGit.GitRepository.GetCommit(GitObjectId sha, Boolean readAuthor) [/home/runner/.nuget/packages/nerdbank.gitversioning/3.6.143/build/PrivateP2PCaching.proj]
/home/runner/.nuget/packages/nerdbank.gitversioning/3.6.143/build/Nerdbank.GitVersioning.Inner.targets(17,5): error MSB4018:    at Nerdbank.GitVersioning.Managed.GitExtensions.<GetCommitHeight>g__TryCalculateHeight|4_0(GitCommit commit, <>c__DisplayClass4_0&) [/home/runner/.nuget/packages/nerdbank.gitversioning/3.6.143/build/PrivateP2PCaching.proj]
/home/runner/.nuget/packages/nerdbank.gitversioning/3.6.143/build/Nerdbank.GitVersioning.Inner.targets(17,5): error MSB4018:    at Nerdbank.GitVersioning.Managed.GitExtensions.GetCommitHeight(GitRepository repository, GitCommit startingCommit, GitWalkTracker tracker, Func`2 continueStepping) [/home/runner/.nuget/packages/nerdbank.gitversioning/3.6.143/build/PrivateP2PCaching.proj]
/home/runner/.nuget/packages/nerdbank.gitversioning/3.6.143/build/Nerdbank.GitVersioning.Inner.targets(17,5): error MSB4018:    at Nerdbank.GitVersioning.Managed.GitExtensions.GetHeight(ManagedGitContext context, Func`2 continueStepping) [/home/runner/.nuget/packages/nerdbank.gitversioning/3.6.143/build/PrivateP2PCaching.proj]
/home/runner/.nuget/packages/nerdbank.gitversioning/3.6.143/build/Nerdbank.GitVersioning.Inner.targets(17,5): error MSB4018:    at Nerdbank.GitVersioning.Managed.GitExtensions.GetVersionHeight(ManagedGitContext context, Version baseVersion) [/home/runner/.nuget/packages/nerdbank.gitversioning/3.6.143/build/PrivateP2PCaching.proj]
/home/runner/.nuget/packages/nerdbank.gitversioning/3.6.143/build/Nerdbank.GitVersioning.Inner.targets(17,5): error MSB4018:    at Nerdbank.GitVersioning.Managed.ManagedGitContext.CalculateVersionHeight(VersionOptions committedVersion, VersionOptions workingVersion) [/home/runner/.nuget/packages/nerdbank.gitversioning/3.6.143/build/PrivateP2PCaching.proj]
/home/runner/.nuget/packages/nerdbank.gitversioning/3.6.143/build/Nerdbank.GitVersioning.Inner.targets(17,5): error MSB4018:    at Nerdbank.GitVersioning.VersionOracle..ctor(GitContext context, ICloudBuild cloudBuild, Nullable`1 overrideVersionHeightOffset) [/home/runner/.nuget/packages/nerdbank.gitversioning/3.6.143/build/PrivateP2PCaching.proj]
/home/runner/.nuget/packages/nerdbank.gitversioning/3.6.143/build/Nerdbank.GitVersioning.Inner.targets(17,5): error MSB4018:    --- End of inner exception stack trace --- [/home/runner/.nuget/packages/nerdbank.gitversioning/3.6.143/build/PrivateP2PCaching.proj]
/home/runner/.nuget/packages/nerdbank.gitversioning/3.6.143/build/Nerdbank.GitVersioning.Inner.targets(17,5): error MSB4018:    at Nerdbank.GitVersioning.VersionOracle.<.ctor>g__ThrowShallowClone|5_0(Exception inner) [/home/runner/.nuget/packages/nerdbank.gitversioning/3.6.143/build/PrivateP2PCaching.proj]
/home/runner/.nuget/packages/nerdbank.gitversioning/3.6.143/build/Nerdbank.GitVersioning.Inner.targets(17,5): error MSB4018:    at Nerdbank.GitVersioning.VersionOracle..ctor(GitContext context, ICloudBuild cloudBuild, Nullable`1 overrideVersionHeightOffset) [/home/runner/.nuget/packages/nerdbank.gitversioning/3.6.143/build/PrivateP2PCaching.proj]
/home/runner/.nuget/packages/nerdbank.gitversioning/3.6.143/build/Nerdbank.GitVersioning.Inner.targets(17,5): error MSB4018:    at Nerdbank.GitVersioning.Tasks.GetBuildVersion.ExecuteInner() in D:\a\1\s\src\Nerdbank.GitVersioning.Tasks\GetBuildVersion.cs:line 240 [/home/runner/.nuget/packages/nerdbank.gitversioning/3.6.143/build/PrivateP2PCaching.proj]
/home/runner/.nuget/packages/nerdbank.gitversioning/3.6.143/build/Nerdbank.GitVersioning.Inner.targets(17,5): error MSB4018:    at System.RuntimeMethodHandle.InvokeMethod(Object target, Void** arguments, Signature sig, Boolean isConstructor) [/home/runner/.nuget/packages/nerdbank.gitversioning/3.6.143/build/PrivateP2PCaching.proj]
/home/runner/.nuget/packages/nerdbank.gitversioning/3.6.143/build/Nerdbank.GitVersioning.Inner.targets(17,5): error MSB4018:    at System.Reflection.MethodBaseInvoker.InvokeWithNoArgs(Object obj, BindingFlags invokeAttr) [/home/runner/.nuget/packages/nerdbank.gitversioning/3.6.143/build/PrivateP2PCaching.proj]
/home/runner/.nuget/packages/nerdbank.gitversioning/3.6.143/build/Nerdbank.GitVersioning.Inner.targets(17,5): error MSB4018: The "Nerdbank.GitVersioning.Tasks.GetBuildVersion" task failed unexpectedly. [/home/runner/.nuget/packages/nerdbank.gitversioning/3.6.143/build/PrivateP2PCaching.proj]
/home/runner/.nuget/packages/nerdbank.gitversioning/3.6.143/build/Nerdbank.GitVersioning.Inner.targets(17,5): error MSB4018: Nerdbank.GitVersioning.GitException: Shallow clone lacks the objects required to calculate version height. Use full clones or clones with a history at least as deep as the last version height resetting change. [/home/runner/.nuget/packages/nerdbank.gitversioning/3.6.143/build/PrivateP2PCaching.proj]
/home/runner/.nuget/packages/nerdbank.gitversioning/3.6.143/build/Nerdbank.GitVersioning.Inner.targets(17,5): error MSB4018:  ---> Nerdbank.GitVersioning.GitException: An commit object with SHA a6b4dc1c684a982250da5b1c5059a6540fa9809b could not be found. [/home/runner/.nuget/packages/nerdbank.gitversioning/3.6.143/build/PrivateP2PCaching.proj]
/home/runner/.nuget/packages/nerdbank.gitversioning/3.6.143/build/Nerdbank.GitVersioning.Inner.targets(17,5): error MSB4018:    at Nerdbank.GitVersioning.ManagedGit.GitRepository.GetObjectBySha(GitObjectId sha, String objectType) [/home/runner/.nuget/packages/nerdbank.gitversioning/3.6.143/build/PrivateP2PCaching.proj]
/home/runner/.nuget/packages/nerdbank.gitversioning/3.6.143/build/Nerdbank.GitVersioning.Inner.targets(17,5): error MSB4018:    at Nerdbank.GitVersioning.ManagedGit.GitRepository.GetCommit(GitObjectId sha, Boolean readAuthor) [/home/runner/.nuget/packages/nerdbank.gitversioning/3.6.143/build/PrivateP2PCaching.proj]
/home/runner/.nuget/packages/nerdbank.gitversioning/3.6.143/build/Nerdbank.GitVersioning.Inner.targets(17,5): error MSB4018:    at Nerdbank.GitVersioning.Managed.GitExtensions.<GetCommitHeight>g__TryCalculateHeight|4_0(GitCommit commit, <>c__DisplayClass4_0&) [/home/runner/.nuget/packages/nerdbank.gitversioning/3.6.143/build/PrivateP2PCaching.proj]
/home/runner/.nuget/packages/nerdbank.gitversioning/3.6.143/build/Nerdbank.GitVersioning.Inner.targets(17,5): error MSB4018:    at Nerdbank.GitVersioning.Managed.GitExtensions.GetCommitHeight(GitRepository repository, GitCommit startingCommit, GitWalkTracker tracker, Func`2 continueStepping) [/home/runner/.nuget/packages/nerdbank.gitversioning/3.6.143/build/PrivateP2PCaching.proj]
/home/runner/.nuget/packages/nerdbank.gitversioning/3.6.143/build/Nerdbank.GitVersioning.Inner.targets(17,5): error MSB4018:    at Nerdbank.GitVersioning.Managed.GitExtensions.GetHeight(ManagedGitContext context, Func`2 continueStepping) [/home/runner/.nuget/packages/nerdbank.gitversioning/3.6.143/build/PrivateP2PCaching.proj]
/home/runner/.nuget/packages/nerdbank.gitversioning/3.6.143/build/Nerdbank.GitVersioning.Inner.targets(17,5): error MSB4018:    at Nerdbank.GitVersioning.Managed.GitExtensions.GetVersionHeight(ManagedGitContext context, Version baseVersion) [/home/runner/.nuget/packages/nerdbank.gitversioning/3.6.143/build/PrivateP2PCaching.proj]
/home/runner/.nuget/packages/nerdbank.gitversioning/3.6.143/build/Nerdbank.GitVersioning.Inner.targets(17,5): error MSB4018:    at Nerdbank.GitVersioning.Managed.ManagedGitContext.CalculateVersionHeight(VersionOptions committedVersion, VersionOptions workingVersion) [/home/runner/.nuget/packages/nerdbank.gitversioning/3.6.143/build/PrivateP2PCaching.proj]
/home/runner/.nuget/packages/nerdbank.gitversioning/3.6.143/build/Nerdbank.GitVersioning.Inner.targets(17,5): error MSB4018:    at Nerdbank.GitVersioning.VersionOracle..ctor(GitContext context, ICloudBuild cloudBuild, Nullable`1 overrideVersionHeightOffset) [/home/runner/.nuget/packages/nerdbank.gitversioning/3.6.143/build/PrivateP2PCaching.proj]
/home/runner/.nuget/packages/nerdbank.gitversioning/3.6.143/build/Nerdbank.GitVersioning.Inner.targets(17,5): error MSB4018:    --- End of inner exception stack trace --- [/home/runner/.nuget/packages/nerdbank.gitversioning/3.6.143/build/PrivateP2PCaching.proj]
/home/runner/.nuget/packages/nerdbank.gitversioning/3.6.143/build/Nerdbank.GitVersioning.Inner.targets(17,5): error MSB4018:    at Nerdbank.GitVersioning.VersionOracle.<.ctor>g__ThrowShallowClone|5_0(Exception inner) [/home/runner/.nuget/packages/nerdbank.gitversioning/3.6.143/build/PrivateP2PCaching.proj]
/home/runner/.nuget/packages/nerdbank.gitversioning/3.6.143/build/Nerdbank.GitVersioning.Inner.targets(17,5): error MSB4018:    at Nerdbank.GitVersioning.VersionOracle..ctor(GitContext context, ICloudBuild cloudBuild, Nullable`1 overrideVersionHeightOffset) [/home/runner/.nuget/packages/nerdbank.gitversioning/3.6.143/build/PrivateP2PCaching.proj]
/home/runner/.nuget/packages/nerdbank.gitversioning/3.6.143/build/Nerdbank.GitVersioning.Inner.targets(17,5): error MSB4018:    at Nerdbank.GitVersioning.Tasks.GetBuildVersion.ExecuteInner() in D:\a\1\s\src\Nerdbank.GitVersioning.Tasks\GetBuildVersion.cs:line 240 [/home/runner/.nuget/packages/nerdbank.gitversioning/3.6.143/build/PrivateP2PCaching.proj]
/home/runner/.nuget/packages/nerdbank.gitversioning/3.6.143/build/Nerdbank.GitVersioning.Inner.targets(17,5): error MSB4018:    at System.RuntimeMethodHandle.InvokeMethod(Object target, Void** arguments, Signature sig, Boolean isConstructor) [/home/runner/.nuget/packages/nerdbank.gitversioning/3.6.143/build/PrivateP2PCaching.proj]
/home/runner/.nuget/packages/nerdbank.gitversioning/3.6.143/build/Nerdbank.GitVersioning.Inner.targets(17,5): error MSB4018:    at System.Reflection.MethodBaseInvoker.InvokeWithNoArgs(Object obj, BindingFlags invokeAttr) [/home/runner/.nuget/packages/nerdbank.gitversioning/3.6.143/build/PrivateP2PCaching.proj]
/home/runner/.nuget/packages/nerdbank.gitversioning/3.6.143/build/Nerdbank.GitVersioning.Inner.targets(17,5): error MSB4018: The "Nerdbank.GitVersioning.Tasks.GetBuildVersion" task failed unexpectedly. [/home/runner/.nuget/packages/nerdbank.gitversioning/3.6.143/build/PrivateP2PCaching.proj]
/home/runner/.nuget/packages/nerdbank.gitversioning/3.6.143/build/Nerdbank.GitVersioning.Inner.targets(17,5): error MSB4018: Nerdbank.GitVersioning.GitException: Shallow clone lacks the objects required to calculate version height. Use full clones or clones with a history at least as deep as the last version height resetting change. [/home/runner/.nuget/packages/nerdbank.gitversioning/3.6.143/build/PrivateP2PCaching.proj]
/home/runner/.nuget/packages/nerdbank.gitversioning/3.6.143/build/Nerdbank.GitVersioning.Inner.targets(17,5): error MSB4018:  ---> Nerdbank.GitVersioning.GitException: An commit object with SHA a6b4dc1c684a982250da5b1c5059a6540fa9809b could not be found. [/home/runner/.nuget/packages/nerdbank.gitversioning/3.6.143/build/PrivateP2PCaching.proj]
/home/runner/.nuget/packages/nerdbank.gitversioning/3.6.143/build/Nerdbank.GitVersioning.Inner.targets(17,5): error MSB4018:    at Nerdbank.GitVersioning.ManagedGit.GitRepository.GetObjectBySha(GitObjectId sha, String objectType) [/home/runner/.nuget/packages/nerdbank.gitversioning/3.6.143/build/PrivateP2PCaching.proj]
/home/runner/.nuget/packages/nerdbank.gitversioning/3.6.143/build/Nerdbank.GitVersioning.Inner.targets(17,5): error MSB4018:    at Nerdbank.GitVersioning.ManagedGit.GitRepository.GetCommit(GitObjectId sha, Boolean readAuthor) [/home/runner/.nuget/packages/nerdbank.gitversioning/3.6.143/build/PrivateP2PCaching.proj]
/home/runner/.nuget/packages/nerdbank.gitversioning/3.6.143/build/Nerdbank.GitVersioning.Inner.targets(17,5): error MSB4018:    at Nerdbank.GitVersioning.Managed.GitExtensions.<GetCommitHeight>g__TryCalculateHeight|4_0(GitCommit commit, <>c__DisplayClass4_0&) [/home/runner/.nuget/packages/nerdbank.gitversioning/3.6.143/build/PrivateP2PCaching.proj]
/home/runner/.nuget/packages/nerdbank.gitversioning/3.6.143/build/Nerdbank.GitVersioning.Inner.targets(17,5): error MSB4018:    at Nerdbank.GitVersioning.Managed.GitExtensions.GetCommitHeight(GitRepository repository, GitCommit startingCommit, GitWalkTracker tracker, Func`2 continueStepping) [/home/runner/.nuget/packages/nerdbank.gitversioning/3.6.143/build/PrivateP2PCaching.proj]
/home/runner/.nuget/packages/nerdbank.gitversioning/3.6.143/build/Nerdbank.GitVersioning.Inner.targets(17,5): error MSB4018:    at Nerdbank.GitVersioning.Managed.GitExtensions.GetHeight(ManagedGitContext context, Func`2 continueStepping) [/home/runner/.nuget/packages/nerdbank.gitversioning/3.6.143/build/PrivateP2PCaching.proj]
/home/runner/.nuget/packages/nerdbank.gitversioning/3.6.143/build/Nerdbank.GitVersioning.Inner.targets(17,5): error MSB4018:    at Nerdbank.GitVersioning.Managed.GitExtensions.GetVersionHeight(ManagedGitContext context, Version baseVersion) [/home/runner/.nuget/packages/nerdbank.gitversioning/3.6.143/build/PrivateP2PCaching.proj]
/home/runner/.nuget/packages/nerdbank.gitversioning/3.6.143/build/Nerdbank.GitVersioning.Inner.targets(17,5): error MSB4018:    at Nerdbank.GitVersioning.Managed.ManagedGitContext.CalculateVersionHeight(VersionOptions committedVersion, VersionOptions workingVersion) [/home/runner/.nuget/packages/nerdbank.gitversioning/3.6.143/build/PrivateP2PCaching.proj]
/home/runner/.nuget/packages/nerdbank.gitversioning/3.6.143/build/Nerdbank.GitVersioning.Inner.targets(17,5): error MSB4018:    at Nerdbank.GitVersioning.VersionOracle..ctor(GitContext context, ICloudBuild cloudBuild, Nullable`1 overrideVersionHeightOffset) [/home/runner/.nuget/packages/nerdbank.gitversioning/3.6.143/build/PrivateP2PCaching.proj]
/home/runner/.nuget/packages/nerdbank.gitversioning/3.6.143/build/Nerdbank.GitVersioning.Inner.targets(17,5): error MSB4018:    --- End of inner exception stack trace --- [/home/runner/.nuget/packages/nerdbank.gitversioning/3.6.143/build/PrivateP2PCaching.proj]
/home/runner/.nuget/packages/nerdbank.gitversioning/3.6.143/build/Nerdbank.GitVersioning.Inner.targets(17,5): error MSB4018:    at Nerdbank.GitVersioning.VersionOracle.<.ctor>g__ThrowShallowClone|5_0(Exception inner) [/home/runner/.nuget/packages/nerdbank.gitversioning/3.6.143/build/PrivateP2PCaching.proj]
/home/runner/.nuget/packages/nerdbank.gitversioning/3.6.143/build/Nerdbank.GitVersioning.Inner.targets(17,5): error MSB4018:    at Nerdbank.GitVersioning.VersionOracle..ctor(GitContext context, ICloudBuild cloudBuild, Nullable`1 overrideVersionHeightOffset) [/home/runner/.nuget/packages/nerdbank.gitversioning/3.6.143/build/PrivateP2PCaching.proj]
/home/runner/.nuget/packages/nerdbank.gitversioning/3.6.143/build/Nerdbank.GitVersioning.Inner.targets(17,5): error MSB4018:    at Nerdbank.GitVersioning.Tasks.GetBuildVersion.ExecuteInner() in D:\a\1\s\src\Nerdbank.GitVersioning.Tasks\GetBuildVersion.cs:line 240 [/home/runner/.nuget/packages/nerdbank.gitversioning/3.6.143/build/PrivateP2PCaching.proj]
/home/runner/.nuget/packages/nerdbank.gitversioning/3.6.143/build/Nerdbank.GitVersioning.Inner.targets(17,5): error MSB4018:    at System.RuntimeMethodHandle.InvokeMethod(Object target, Void** arguments, Signature sig, Boolean isConstructor) [/home/runner/.nuget/packages/nerdbank.gitversioning/3.6.143/build/PrivateP2PCaching.proj]
/home/runner/.nuget/packages/nerdbank.gitversioning/3.6.143/build/Nerdbank.GitVersioning.Inner.targets(17,5): error MSB4018:    at System.Reflection.MethodBaseInvoker.InvokeWithNoArgs(Object obj, BindingFlags invokeAttr) [/home/runner/.nuget/packages/nerdbank.gitversioning/3.6.143/build/PrivateP2PCaching.proj]

Build FAILED.

/home/runner/.nuget/packages/nerdbank.gitversioning/3.6.143/build/Nerdbank.GitVersioning.Inner.targets(17,5): error MSB4018: The "Nerdbank.GitVersioning.Tasks.GetBuildVersion" task failed unexpectedly. [/home/runner/.nuget/packages/nerdbank.gitversioning/3.6.143/build/PrivateP2PCaching.proj]
/home/runner/.nuget/packages/nerdbank.gitversioning/3.6.143/build/Nerdbank.GitVersioning.Inner.targets(17,5): error MSB4018: Nerdbank.GitVersioning.GitException: Shallow clone lacks the objects required to calculate version height. Use full clones or clones with a history at least as deep as the last version height resetting change. [/home/runner/.nuget/packages/nerdbank.gitversioning/3.6.143/build/PrivateP2PCaching.proj]
/home/runner/.nuget/packages/nerdbank.gitversioning/3.6.143/build/Nerdbank.GitVersioning.Inner.targets(17,5): error MSB4018:  ---> Nerdbank.GitVersioning.GitException: An commit object with SHA a6b4dc1c684a982250da5b1c5059a6540fa9809b could not be found. [/home/runner/.nuget/packages/nerdbank.gitversioning/3.6.143/build/PrivateP2PCaching.proj]
/home/runner/.nuget/packages/nerdbank.gitversioning/3.6.143/build/Nerdbank.GitVersioning.Inner.targets(17,5): error MSB4018:    at Nerdbank.GitVersioning.ManagedGit.GitRepository.GetObjectBySha(GitObjectId sha, String objectType) [/home/runner/.nuget/packages/nerdbank.gitversioning/3.6.143/build/PrivateP2PCaching.proj]
/home/runner/.nuget/packages/nerdbank.gitversioning/3.6.143/build/Nerdbank.GitVersioning.Inner.targets(17,5): error MSB4018:    at Nerdbank.GitVersioning.ManagedGit.GitRepository.GetCommit(GitObjectId sha, Boolean readAuthor) [/home/runner/.nuget/packages/nerdbank.gitversioning/3.6.143/build/PrivateP2PCaching.proj]
/home/runner/.nuget/packages/nerdbank.gitversioning/3.6.143/build/Nerdbank.GitVersioning.Inner.targets(17,5): error MSB4018:    at Nerdbank.GitVersioning.Managed.GitExtensions.<GetCommitHeight>g__TryCalculateHeight|4_0(GitCommit commit, <>c__DisplayClass4_0&) [/home/runner/.nuget/packages/nerdbank.gitversioning/3.6.143/build/PrivateP2PCaching.proj]
/home/runner/.nuget/packages/nerdbank.gitversioning/3.6.143/build/Nerdbank.GitVersioning.Inner.targets(17,5): error MSB4018:    at Nerdbank.GitVersioning.Managed.GitExtensions.GetCommitHeight(GitRepository repository, GitCommit startingCommit, GitWalkTracker tracker, Func`2 continueStepping) [/home/runner/.nuget/packages/nerdbank.gitversioning/3.6.143/build/PrivateP2PCaching.proj]
/home/runner/.nuget/packages/nerdbank.gitversioning/3.6.143/build/Nerdbank.GitVersioning.Inner.targets(17,5): error MSB4018:    at Nerdbank.GitVersioning.Managed.GitExtensions.GetHeight(ManagedGitContext context, Func`2 continueStepping) [/home/runner/.nuget/packages/nerdbank.gitversioning/3.6.143/build/PrivateP2PCaching.proj]
/home/runner/.nuget/packages/nerdbank.gitversioning/3.6.143/build/Nerdbank.GitVersioning.Inner.targets(17,5): error MSB4018:    at Nerdbank.GitVersioning.Managed.GitExtensions.GetVersionHeight(ManagedGitContext context, Version baseVersion) [/home/runner/.nuget/packages/nerdbank.gitversioning/3.6.143/build/PrivateP2PCaching.proj]
/home/runner/.nuget/packages/nerdbank.gitversioning/3.6.143/build/Nerdbank.GitVersioning.Inner.targets(17,5): error MSB4018:    at Nerdbank.GitVersioning.Managed.ManagedGitContext.CalculateVersionHeight(VersionOptions committedVersion, VersionOptions workingVersion) [/home/runner/.nuget/packages/nerdbank.gitversioning/3.6.143/build/PrivateP2PCaching.proj]
/home/runner/.nuget/packages/nerdbank.gitversioning/3.6.143/build/Nerdbank.GitVersioning.Inner.targets(17,5): error MSB4018:    at Nerdbank.GitVersioning.VersionOracle..ctor(GitContext context, ICloudBuild cloudBuild, Nullable`1 overrideVersionHeightOffset) [/home/runner/.nuget/packages/nerdbank.gitversioning/3.6.143/build/PrivateP2PCaching.proj]
/home/runner/.nuget/packages/nerdbank.gitversioning/3.6.143/build/Nerdbank.GitVersioning.Inner.targets(17,5): error MSB4018:    --- End of inner exception stack trace --- [/home/runner/.nuget/packages/nerdbank.gitversioning/3.6.143/build/PrivateP2PCaching.proj]
/home/runner/.nuget/packages/nerdbank.gitversioning/3.6.143/build/Nerdbank.GitVersioning.Inner.targets(17,5): error MSB4018:    at Nerdbank.GitVersioning.VersionOracle.<.ctor>g__ThrowShallowClone|5_0(Exception inner) [/home/runner/.nuget/packages/nerdbank.gitversioning/3.6.143/build/PrivateP2PCaching.proj]
/home/runner/.nuget/packages/nerdbank.gitversioning/3.6.143/build/Nerdbank.GitVersioning.Inner.targets(17,5): error MSB4018:    at Nerdbank.GitVersioning.VersionOracle..ctor(GitContext context, ICloudBuild cloudBuild, Nullable`1 overrideVersionHeightOffset) [/home/runner/.nuget/packages/nerdbank.gitversioning/3.6.143/build/PrivateP2PCaching.proj]
/home/runner/.nuget/packages/nerdbank.gitversioning/3.6.143/build/Nerdbank.GitVersioning.Inner.targets(17,5): error MSB4018:    at Nerdbank.GitVersioning.Tasks.GetBuildVersion.ExecuteInner() in D:\a\1\s\src\Nerdbank.GitVersioning.Tasks\GetBuildVersion.cs:line 240 [/home/runner/.nuget/packages/nerdbank.gitversioning/3.6.143/build/PrivateP2PCaching.proj]
/home/runner/.nuget/packages/nerdbank.gitversioning/3.6.143/build/Nerdbank.GitVersioning.Inner.targets(17,5): error MSB4018:    at System.RuntimeMethodHandle.InvokeMethod(Object target, Void** arguments, Signature sig, Boolean isConstructor) [/home/runner/.nuget/packages/nerdbank.gitversioning/3.6.143/build/PrivateP2PCaching.proj]
/home/runner/.nuget/packages/nerdbank.gitversioning/3.6.143/build/Nerdbank.GitVersioning.Inner.targets(17,5): error MSB4018:    at System.Reflection.MethodBaseInvoker.InvokeWithNoArgs(Object obj, BindingFlags invokeAttr) [/home/runner/.nuget/packages/nerdbank.gitversioning/3.6.143/build/PrivateP2PCaching.proj]
/home/runner/.nuget/packages/nerdbank.gitversioning/3.6.143/build/Nerdbank.GitVersioning.Inner.targets(17,5): error MSB4018: The "Nerdbank.GitVersioning.Tasks.GetBuildVersion" task failed unexpectedly. [/home/runner/.nuget/packages/nerdbank.gitversioning/3.6.143/build/PrivateP2PCaching.proj]
/home/runner/.nuget/packages/nerdbank.gitversioning/3.6.143/build/Nerdbank.GitVersioning.Inner.targets(17,5): error MSB4018: Nerdbank.GitVersioning.GitException: Shallow clone lacks the objects required to calculate version height. Use full clones or clones with a history at least as deep as the last version height resetting change. [/home/runner/.nuget/packages/nerdbank.gitversioning/3.6.143/build/PrivateP2PCaching.proj]
/home/runner/.nuget/packages/nerdbank.gitversioning/3.6.143/build/Nerdbank.GitVersioning.Inner.targets(17,5): error MSB4018:  ---> Nerdbank.GitVersioning.GitException: An commit object with SHA a6b4dc1c684a982250da5b1c5059a6540fa9809b could not be found. [/home/runner/.nuget/packages/nerdbank.gitversioning/3.6.143/build/PrivateP2PCaching.proj]
/home/runner/.nuget/packages/nerdbank.gitversioning/3.6.143/build/Nerdbank.GitVersioning.Inner.targets(17,5): error MSB4018:    at Nerdbank.GitVersioning.ManagedGit.GitRepository.GetObjectBySha(GitObjectId sha, String objectType) [/home/runner/.nuget/packages/nerdbank.gitversioning/3.6.143/build/PrivateP2PCaching.proj]
/home/runner/.nuget/packages/nerdbank.gitversioning/3.6.143/build/Nerdbank.GitVersioning.Inner.targets(17,5): error MSB4018:    at Nerdbank.GitVersioning.ManagedGit.GitRepository.GetCommit(GitObjectId sha, Boolean readAuthor) [/home/runner/.nuget/packages/nerdbank.gitversioning/3.6.143/build/PrivateP2PCaching.proj]
/home/runner/.nuget/packages/nerdbank.gitversioning/3.6.143/build/Nerdbank.GitVersioning.Inner.targets(17,5): error MSB4018:    at Nerdbank.GitVersioning.Managed.GitExtensions.<GetCommitHeight>g__TryCalculateHeight|4_0(GitCommit commit, <>c__DisplayClass4_0&) [/home/runner/.nuget/packages/nerdbank.gitversioning/3.6.143/build/PrivateP2PCaching.proj]
/home/runner/.nuget/packages/nerdbank.gitversioning/3.6.143/build/Nerdbank.GitVersioning.Inner.targets(17,5): error MSB4018:    at Nerdbank.GitVersioning.Managed.GitExtensions.GetCommitHeight(GitRepository repository, GitCommit startingCommit, GitWalkTracker tracker, Func`2 continueStepping) [/home/runner/.nuget/packages/nerdbank.gitversioning/3.6.143/build/PrivateP2PCaching.proj]
/home/runner/.nuget/packages/nerdbank.gitversioning/3.6.143/build/Nerdbank.GitVersioning.Inner.targets(17,5): error MSB4018:    at Nerdbank.GitVersioning.Managed.GitExtensions.GetHeight(ManagedGitContext context, Func`2 continueStepping) [/home/runner/.nuget/packages/nerdbank.gitversioning/3.6.143/build/PrivateP2PCaching.proj]
/home/runner/.nuget/packages/nerdbank.gitversioning/3.6.143/build/Nerdbank.GitVersioning.Inner.targets(17,5): error MSB4018:    at Nerdbank.GitVersioning.Managed.GitExtensions.GetVersionHeight(ManagedGitContext context, Version baseVersion) [/home/runner/.nuget/packages/nerdbank.gitversioning/3.6.143/build/PrivateP2PCaching.proj]
/home/runner/.nuget/packages/nerdbank.gitversioning/3.6.143/build/Nerdbank.GitVersioning.Inner.targets(17,5): error MSB4018:    at Nerdbank.GitVersioning.Managed.ManagedGitContext.CalculateVersionHeight(VersionOptions committedVersion, VersionOptions workingVersion) [/home/runner/.nuget/packages/nerdbank.gitversioning/3.6.143/build/PrivateP2PCaching.proj]
/home/runner/.nuget/packages/nerdbank.gitversioning/3.6.143/build/Nerdbank.GitVersioning.Inner.targets(17,5): error MSB4018:    at Nerdbank.GitVersioning.VersionOracle..ctor(GitContext context, ICloudBuild cloudBuild, Nullable`1 overrideVersionHeightOffset) [/home/runner/.nuget/packages/nerdbank.gitversioning/3.6.143/build/PrivateP2PCaching.proj]
/home/runner/.nuget/packages/nerdbank.gitversioning/3.6.143/build/Nerdbank.GitVersioning.Inner.targets(17,5): error MSB4018:    --- End of inner exception stack trace --- [/home/runner/.nuget/packages/nerdbank.gitversioning/3.6.143/build/PrivateP2PCaching.proj]
/home/runner/.nuget/packages/nerdbank.gitversioning/3.6.143/build/Nerdbank.GitVersioning.Inner.targets(17,5): error MSB4018:    at Nerdbank.GitVersioning.VersionOracle.<.ctor>g__ThrowShallowClone|5_0(Exception inner) [/home/runner/.nuget/packages/nerdbank.gitversioning/3.6.143/build/PrivateP2PCaching.proj]
/home/runner/.nuget/packages/nerdbank.gitversioning/3.6.143/build/Nerdbank.GitVersioning.Inner.targets(17,5): error MSB4018:    at Nerdbank.GitVersioning.VersionOracle..ctor(GitContext context, ICloudBuild cloudBuild, Nullable`1 overrideVersionHeightOffset) [/home/runner/.nuget/packages/nerdbank.gitversioning/3.6.143/build/PrivateP2PCaching.proj]
/home/runner/.nuget/packages/nerdbank.gitversioning/3.6.143/build/Nerdbank.GitVersioning.Inner.targets(17,5): error MSB4018:    at Nerdbank.GitVersioning.Tasks.GetBuildVersion.ExecuteInner() in D:\a\1\s\src\Nerdbank.GitVersioning.Tasks\GetBuildVersion.cs:line 240 [/home/runner/.nuget/packages/nerdbank.gitversioning/3.6.143/build/PrivateP2PCaching.proj]
/home/runner/.nuget/packages/nerdbank.gitversioning/3.6.143/build/Nerdbank.GitVersioning.Inner.targets(17,5): error MSB4018:    at System.RuntimeMethodHandle.InvokeMethod(Object target, Void** arguments, Signature sig, Boolean isConstructor) [/home/runner/.nuget/packages/nerdbank.gitversioning/3.6.143/build/PrivateP2PCaching.proj]
/home/runner/.nuget/packages/nerdbank.gitversioning/3.6.143/build/Nerdbank.GitVersioning.Inner.targets(17,5): error MSB4018:    at System.Reflection.MethodBaseInvoker.InvokeWithNoArgs(Object obj, BindingFlags invokeAttr) [/home/runner/.nuget/packages/nerdbank.gitversioning/3.6.143/build/PrivateP2PCaching.proj]
/home/runner/.nuget/packages/nerdbank.gitversioning/3.6.143/build/Nerdbank.GitVersioning.Inner.targets(17,5): error MSB4018: The "Nerdbank.GitVersioning.Tasks.GetBuildVersion" task failed unexpectedly. [/home/runner/.nuget/packages/nerdbank.gitversioning/3.6.143/build/PrivateP2PCaching.proj]
/home/runner/.nuget/packages/nerdbank.gitversioning/3.6.143/build/Nerdbank.GitVersioning.Inner.targets(17,5): error MSB4018: Nerdbank.GitVersioning.GitException: Shallow clone lacks the objects required to calculate version height. Use full clones or clones with a history at least as deep as the last version height resetting change. [/home/runner/.nuget/packages/nerdbank.gitversioning/3.6.143/build/PrivateP2PCaching.proj]
/home/runner/.nuget/packages/nerdbank.gitversioning/3.6.143/build/Nerdbank.GitVersioning.Inner.targets(17,5): error MSB4018:  ---> Nerdbank.GitVersioning.GitException: An commit object with SHA a6b4dc1c684a982250da5b1c5059a6540fa9809b could not be found. [/home/runner/.nuget/packages/nerdbank.gitversioning/3.6.143/build/PrivateP2PCaching.proj]
/home/runner/.nuget/packages/nerdbank.gitversioning/3.6.143/build/Nerdbank.GitVersioning.Inner.targets(17,5): error MSB4018:    at Nerdbank.GitVersioning.ManagedGit.GitRepository.GetObjectBySha(GitObjectId sha, String objectType) [/home/runner/.nuget/packages/nerdbank.gitversioning/3.6.143/build/PrivateP2PCaching.proj]
/home/runner/.nuget/packages/nerdbank.gitversioning/3.6.143/build/Nerdbank.GitVersioning.Inner.targets(17,5): error MSB4018:    at Nerdbank.GitVersioning.ManagedGit.GitRepository.GetCommit(GitObjectId sha, Boolean readAuthor) [/home/runner/.nuget/packages/nerdbank.gitversioning/3.6.143/build/PrivateP2PCaching.proj]
/home/runner/.nuget/packages/nerdbank.gitversioning/3.6.143/build/Nerdbank.GitVersioning.Inner.targets(17,5): error MSB4018:    at Nerdbank.GitVersioning.Managed.GitExtensions.<GetCommitHeight>g__TryCalculateHeight|4_0(GitCommit commit, <>c__DisplayClass4_0&) [/home/runner/.nuget/packages/nerdbank.gitversioning/3.6.143/build/PrivateP2PCaching.proj]
/home/runner/.nuget/packages/nerdbank.gitversioning/3.6.143/build/Nerdbank.GitVersioning.Inner.targets(17,5): error MSB4018:    at Nerdbank.GitVersioning.Managed.GitExtensions.GetCommitHeight(GitRepository repository, GitCommit startingCommit, GitWalkTracker tracker, Func`2 continueStepping) [/home/runner/.nuget/packages/nerdbank.gitversioning/3.6.143/build/PrivateP2PCaching.proj]
/home/runner/.nuget/packages/nerdbank.gitversioning/3.6.143/build/Nerdbank.GitVersioning.Inner.targets(17,5): error MSB4018:    at Nerdbank.GitVersioning.Managed.GitExtensions.GetHeight(ManagedGitContext context, Func`2 continueStepping) [/home/runner/.nuget/packages/nerdbank.gitversioning/3.6.143/build/PrivateP2PCaching.proj]
/home/runner/.nuget/packages/nerdbank.gitversioning/3.6.143/build/Nerdbank.GitVersioning.Inner.targets(17,5): error MSB4018:    at Nerdbank.GitVersioning.Managed.GitExtensions.GetVersionHeight(ManagedGitContext context, Version baseVersion) [/home/runner/.nuget/packages/nerdbank.gitversioning/3.6.143/build/PrivateP2PCaching.proj]
/home/runner/.nuget/packages/nerdbank.gitversioning/3.6.143/build/Nerdbank.GitVersioning.Inner.targets(17,5): error MSB4018:    at Nerdbank.GitVersioning.Managed.ManagedGitContext.CalculateVersionHeight(VersionOptions committedVersion, VersionOptions workingVersion) [/home/runner/.nuget/packages/nerdbank.gitversioning/3.6.143/build/PrivateP2PCaching.proj]
/home/runner/.nuget/packages/nerdbank.gitversioning/3.6.143/build/Nerdbank.GitVersioning.Inner.targets(17,5): error MSB4018:    at Nerdbank.GitVersioning.VersionOracle..ctor(GitContext context, ICloudBuild cloudBuild, Nullable`1 overrideVersionHeightOffset) [/home/runner/.nuget/packages/nerdbank.gitversioning/3.6.143/build/PrivateP2PCaching.proj]
/home/runner/.nuget/packages/nerdbank.gitversioning/3.6.143/build/Nerdbank.GitVersioning.Inner.targets(17,5): error MSB4018:    --- End of inner exception stack trace --- [/home/runner/.nuget/packages/nerdbank.gitversioning/3.6.143/build/PrivateP2PCaching.proj]
/home/runner/.nuget/packages/nerdbank.gitversioning/3.6.143/build/Nerdbank.GitVersioning.Inner.targets(17,5): error MSB4018:    at Nerdbank.GitVersioning.VersionOracle.<.ctor>g__ThrowShallowClone|5_0(Exception inner) [/home/runner/.nuget/packages/nerdbank.gitversioning/3.6.143/build/PrivateP2PCaching.proj]
/home/runner/.nuget/packages/nerdbank.gitversioning/3.6.143/build/Nerdbank.GitVersioning.Inner.targets(17,5): error MSB4018:    at Nerdbank.GitVersioning.VersionOracle..ctor(GitContext context, ICloudBuild cloudBuild, Nullable`1 overrideVersionHeightOffset) [/home/runner/.nuget/packages/nerdbank.gitversioning/3.6.143/build/PrivateP2PCaching.proj]
/home/runner/.nuget/packages/nerdbank.gitversioning/3.6.143/build/Nerdbank.GitVersioning.Inner.targets(17,5): error MSB4018:    at Nerdbank.GitVersioning.Tasks.GetBuildVersion.ExecuteInner() in D:\a\1\s\src\Nerdbank.GitVersioning.Tasks\GetBuildVersion.cs:line 240 [/home/runner/.nuget/packages/nerdbank.gitversioning/3.6.143/build/PrivateP2PCaching.proj]
/home/runner/.nuget/packages/nerdbank.gitversioning/3.6.143/build/Nerdbank.GitVersioning.Inner.targets(17,5): error MSB4018:    at System.RuntimeMethodHandle.InvokeMethod(Object target, Void** arguments, Signature sig, Boolean isConstructor) [/home/runner/.nuget/packages/nerdbank.gitversioning/3.6.143/build/PrivateP2PCaching.proj]
/home/runner/.nuget/packages/nerdbank.gitversioning/3.6.143/build/Nerdbank.GitVersioning.Inner.targets(17,5): error MSB4018:    at System.Reflection.MethodBaseInvoker.InvokeWithNoArgs(Object obj, BindingFlags invokeAttr) [/home/runner/.nuget/packages/nerdbank.gitversioning/3.6.143/build/PrivateP2PCaching.proj]
    0 Warning(s)
    3 Error(s)

Time Elapsed 00:00:06.36
